1:10 + c(0,2)
 [1]  1  4  3  6  5  8  7 10  9 12
> 1:10 + c(1,3)
 [1]  2  5  4  7  6  9  8 11 10 13
> x<- rnorm(100)
> mean(x)
[1] 0.1267724
> sd(x)
[1] 1.007468
> x
  [1]  1.90330446 -0.56130322 -2.02655381 -2.00135283 -0.44174146 -1.29192566  1.20573248
  [8] -0.89962528  0.74565183  0.30541386  0.32805892  1.06829576  1.01083747  1.15664641
 [15] -0.61552764  0.85180405 -0.74668894  0.56151616  2.01652283  1.33817396  1.66712446
 [22]  1.65107965  0.20749077  0.51762903 -0.10002380  0.60226765  1.13314157  0.22048009
 [29]  1.12795661  1.42383161  0.67504116 -0.92119324  0.49487667  0.77913373 -1.08049919
 [36]  0.41948262 -0.05317368 -0.24817349 -1.12182217 -0.48676117 -0.21996311  0.19693998
 [43]  0.67619961 -0.27141695  0.51066611  0.26555178  1.19141876  0.04096940  0.94836034
 [50]  0.46922743  0.43931212 -1.70591089 -0.65698993  0.23655708  1.55910536  1.19723399
 [57]  2.35326970 -1.86676932  0.46467514 -1.27304278 -0.07727494 -0.56727150 -1.62795812
 [64]  0.03028934 -0.73222215  0.91230623 -1.12665610 -0.33878043  1.71705669 -0.88143893
 [71]  0.48141028 -0.22741875 -0.81412925  0.19688893 -1.16404112 -0.76740826 -0.77361760
 [78]  0.37849415  1.23289849 -0.95090116 -0.38137261  1.41670469 -0.23617826 -1.40692546
 [85] -1.16968977  0.53734351  0.15077398  0.28608754  0.50646691  0.49719739 -0.57370161
 [92] -1.51744503  0.74627150  0.92152566  2.32074048 -0.94629579  1.01106183  1.34677484
 [99] -0.12195011 -0.98090048
> sum(x)
[1] 12.67724
> mean(x)
[1] 0.1267724
> S<-mean(x)
> S
[1] 0.1267724
> Sum<-sum(x)
> Length<-length(x)
> Mean<-Sum/Length
> Mean
[1] 0.1267724
> var(x)
[1] 1.014993
> sd(x)
[1] 1.007468
> median(x)
[1] 0.2285186
> mode(x)
[1] "numeric"
> y=rnorm(50)
> y
 [1] -0.59152481 -1.12816937 -0.37293694 -2.54721647  0.97154823 -1.23131154 -0.88831967
 [8] -0.13303021  0.94840056  0.77145258  0.40583519  0.81806578  1.36146111  1.16590007
[15]  0.13423167  0.30470936 -1.90068515 -0.26232270  0.01279695 -1.00440950 -0.42470332
[22]  0.81275154  2.27775968 -0.04785465 -0.72790177  1.15323497  0.16711650  2.22132263
[29] -0.51988680 -0.16926276 -0.22428819 -0.77618604 -0.11931178  1.64840675  0.75769754
[36]  1.11410468 -0.08852328  0.72244100  0.27273379 -1.42866565 -0.86796930 -0.65100720
[43]  0.70646395  0.71886640 -0.16751310  0.34882976  0.11477192  0.73660718  0.49892478
[50] -0.89039170
> cov(x,y)
Error in cov(x, y) : incompatible dimensions
> y=rnorm(100)
> cov(x,y)
[1] 0.1406054
> cov(x,x)
[1] 1.014993
> z=x
> cov(x,z)
[1] 1.014993
> summary(x)
   Min. 1st Qu.  Median    Mean 3rd Qu.    Max. 
-2.0266 -0.6758  0.2285  0.1268  0.8669  2.3533 
> summary(iris)
  Sepal.Length    Sepal.Width     Petal.Length    Petal.Width          Species  
 Min.   :4.300   Min.   :2.000   Min.   :1.000   Min.   :0.100   setosa    :50  
 1st Qu.:5.100   1st Qu.:2.800   1st Qu.:1.600   1st Qu.:0.300   versicolor:50  
 Median :5.800   Median :3.000   Median :4.350   Median :1.300   virginica :50  
 Mean   :5.843   Mean   :3.057   Mean   :3.758   Mean   :1.199                  
 3rd Qu.:6.400   3rd Qu.:3.300   3rd Qu.:5.100   3rd Qu.:1.800                  
 Max.   :7.900   Max.   :4.400   Max.   :6.900   Max.   :2.500                  
> data(iris)
> iris
    Sepal.Length Sepal.Width Petal.Length Petal.Width    Species
1            5.1         3.5          1.4         0.2     setosa
2            4.9         3.0          1.4         0.2     setosa
3            4.7         3.2          1.3         0.2     setosa
4            4.6         3.1          1.5         0.2     setosa
5            5.0         3.6          1.4         0.2     setosa
6            5.4         3.9          1.7         0.4     setosa
7            4.6         3.4          1.4         0.3     setosa
8            5.0         3.4          1.5         0.2     setosa
9            4.4         2.9          1.4         0.2     setosa
10           4.9         3.1          1.5         0.1     setosa
11           5.4         3.7          1.5         0.2     setosa
12           4.8         3.4          1.6         0.2     setosa
13           4.8         3.0          1.4         0.1     setosa
14           4.3         3.0          1.1         0.1     setosa
15           5.8         4.0          1.2         0.2     setosa
16           5.7         4.4          1.5         0.4     setosa
17           5.4         3.9          1.3         0.4     setosa
18           5.1         3.5          1.4         0.3     setosa
19           5.7         3.8          1.7         0.3     setosa
20           5.1         3.8          1.5         0.3     setosa
21           5.4         3.4          1.7         0.2     setosa
22           5.1         3.7          1.5         0.4     setosa
23           4.6         3.6          1.0         0.2     setosa
24           5.1         3.3          1.7         0.5     setosa
25           4.8         3.4          1.9         0.2     setosa
26           5.0         3.0          1.6         0.2     setosa
27           5.0         3.4          1.6         0.4     setosa
28           5.2         3.5          1.5         0.2     setosa
29           5.2         3.4          1.4         0.2     setosa
30           4.7         3.2          1.6         0.2     setosa
31           4.8         3.1          1.6         0.2     setosa
32           5.4         3.4          1.5         0.4     setosa
33           5.2         4.1          1.5         0.1     setosa
34           5.5         4.2          1.4         0.2     setosa
35           4.9         3.1          1.5         0.2     setosa
36           5.0         3.2          1.2         0.2     setosa
37           5.5         3.5          1.3         0.2     setosa
38           4.9         3.6          1.4         0.1     setosa
39           4.4         3.0          1.3         0.2     setosa
40           5.1         3.4          1.5         0.2     setosa
41           5.0         3.5          1.3         0.3     setosa
42           4.5         2.3          1.3         0.3     setosa
43           4.4         3.2          1.3         0.2     setosa
44           5.0         3.5          1.6         0.6     setosa
45           5.1         3.8          1.9         0.4     setosa
46           4.8         3.0          1.4         0.3     setosa
47           5.1         3.8          1.6         0.2     setosa
48           4.6         3.2          1.4         0.2     setosa
49           5.3         3.7          1.5         0.2     setosa
50           5.0         3.3          1.4         0.2     setosa
51           7.0         3.2          4.7         1.4 versicolor
52           6.4         3.2          4.5         1.5 versicolor
53           6.9         3.1          4.9         1.5 versicolor
54           5.5         2.3          4.0         1.3 versicolor
55           6.5         2.8          4.6         1.5 versicolor
56           5.7         2.8          4.5         1.3 versicolor
57           6.3         3.3          4.7         1.6 versicolor
58           4.9         2.4          3.3         1.0 versicolor
59           6.6         2.9          4.6         1.3 versicolor
60           5.2         2.7          3.9         1.4 versicolor
61           5.0         2.0          3.5         1.0 versicolor
62           5.9         3.0          4.2         1.5 versicolor
63           6.0         2.2          4.0         1.0 versicolor
64           6.1         2.9          4.7         1.4 versicolor
65           5.6         2.9          3.6         1.3 versicolor
66           6.7         3.1          4.4         1.4 versicolor
67           5.6         3.0          4.5         1.5 versicolor
68           5.8         2.7          4.1         1.0 versicolor
69           6.2         2.2          4.5         1.5 versicolor
70           5.6         2.5          3.9         1.1 versicolor
71           5.9         3.2          4.8         1.8 versicolor
72           6.1         2.8          4.0         1.3 versicolor
73           6.3         2.5          4.9         1.5 versicolor
74           6.1         2.8          4.7         1.2 versicolor
75           6.4         2.9          4.3         1.3 versicolor
76           6.6         3.0          4.4         1.4 versicolor
77           6.8         2.8          4.8         1.4 versicolor
78           6.7         3.0          5.0         1.7 versicolor
79           6.0         2.9          4.5         1.5 versicolor
80           5.7         2.6          3.5         1.0 versicolor
81           5.5         2.4          3.8         1.1 versicolor
82           5.5         2.4          3.7         1.0 versicolor
83           5.8         2.7          3.9         1.2 versicolor
84           6.0         2.7          5.1         1.6 versicolor
85           5.4         3.0          4.5         1.5 versicolor
86           6.0         3.4          4.5         1.6 versicolor
87           6.7         3.1          4.7         1.5 versicolor
88           6.3         2.3          4.4         1.3 versicolor
89           5.6         3.0          4.1         1.3 versicolor
90           5.5         2.5          4.0         1.3 versicolor
91           5.5         2.6          4.4         1.2 versicolor
92           6.1         3.0          4.6         1.4 versicolor
93           5.8         2.6          4.0         1.2 versicolor
94           5.0         2.3          3.3         1.0 versicolor
95           5.6         2.7          4.2         1.3 versicolor
96           5.7         3.0          4.2         1.2 versicolor
97           5.7         2.9          4.2         1.3 versicolor
98           6.2         2.9          4.3         1.3 versicolor
99           5.1         2.5          3.0         1.1 versicolor
100          5.7         2.8          4.1         1.3 versicolor
101          6.3         3.3          6.0         2.5  virginica
102          5.8         2.7          5.1         1.9  virginica
103          7.1         3.0          5.9         2.1  virginica
104          6.3         2.9          5.6         1.8  virginica
105          6.5         3.0          5.8         2.2  virginica
106          7.6         3.0          6.6         2.1  virginica
107          4.9         2.5          4.5         1.7  virginica
108          7.3         2.9          6.3         1.8  virginica
109          6.7         2.5          5.8         1.8  virginica
110          7.2         3.6          6.1         2.5  virginica
111          6.5         3.2          5.1         2.0  virginica
112          6.4         2.7          5.3         1.9  virginica
113          6.8         3.0          5.5         2.1  virginica
114          5.7         2.5          5.0         2.0  virginica
115          5.8         2.8          5.1         2.4  virginica
116          6.4         3.2          5.3         2.3  virginica
117          6.5         3.0          5.5         1.8  virginica
118          7.7         3.8          6.7         2.2  virginica
119          7.7         2.6          6.9         2.3  virginica
120          6.0         2.2          5.0         1.5  virginica
121          6.9         3.2          5.7         2.3  virginica
122          5.6         2.8          4.9         2.0  virginica
123          7.7         2.8          6.7         2.0  virginica
124          6.3         2.7          4.9         1.8  virginica
125          6.7         3.3          5.7         2.1  virginica
126          7.2         3.2          6.0         1.8  virginica
127          6.2         2.8          4.8         1.8  virginica
128          6.1         3.0          4.9         1.8  virginica
129          6.4         2.8          5.6         2.1  virginica
130          7.2         3.0          5.8         1.6  virginica
131          7.4         2.8          6.1         1.9  virginica
132          7.9         3.8          6.4         2.0  virginica
133          6.4         2.8          5.6         2.2  virginica
134          6.3         2.8          5.1         1.5  virginica
135          6.1         2.6          5.6         1.4  virginica
136          7.7         3.0          6.1         2.3  virginica
137          6.3         3.4          5.6         2.4  virginica
138          6.4         3.1          5.5         1.8  virginica
139          6.0         3.0          4.8         1.8  virginica
140          6.9         3.1          5.4         2.1  virginica
141          6.7         3.1          5.6         2.4  virginica
142          6.9         3.1          5.1         2.3  virginica
143          5.8         2.7          5.1         1.9  virginica
144          6.8         3.2          5.9         2.3  virginica
145          6.7         3.3          5.7         2.5  virginica
146          6.7         3.0          5.2         2.3  virginica
147          6.3         2.5          5.0         1.9  virginica
148          6.5         3.0          5.2         2.0  virginica
149          6.2         3.4          5.4         2.3  virginica
150          5.9         3.0          5.1         1.8  virginica
> summary(iris)
  Sepal.Length    Sepal.Width     Petal.Length    Petal.Width          Species  
 Min.   :4.300   Min.   :2.000   Min.   :1.000   Min.   :0.100   setosa    :50  
 1st Qu.:5.100   1st Qu.:2.800   1st Qu.:1.600   1st Qu.:0.300   versicolor:50  
 Median :5.800   Median :3.000   Median :4.350   Median :1.300   virginica :50  
 Mean   :5.843   Mean   :3.057   Mean   :3.758   Mean   :1.199                  
 3rd Qu.:6.400   3rd Qu.:3.300   3rd Qu.:5.100   3rd Qu.:1.800                  
 Max.   :7.900   Max.   :4.400   Max.   :6.900   Max.   :2.500                  
> head(iris)
  Sepal.Length Sepal.Width Petal.Length Petal.Width Species
1          5.1         3.5          1.4         0.2  setosa
2          4.9         3.0          1.4         0.2  setosa
3          4.7         3.2          1.3         0.2  setosa
4          4.6         3.1          1.5         0.2  setosa
5          5.0         3.6          1.4         0.2  setosa
6          5.4         3.9          1.7         0.4  setosa
> tail(x,20)
 [1] -0.3813726  1.4167047 -0.2361783 -1.4069255 -1.1696898  0.5373435  0.1507740  0.2860875
 [9]  0.5064669  0.4971974 -0.5737016 -1.5174450  0.7462715  0.9215257  2.3207405 -0.9462958
[17]  1.0110618  1.3467748 -0.1219501 -0.9809005
> tail(iris)
    Sepal.Length Sepal.Width Petal.Length Petal.Width   Species
145          6.7         3.3          5.7         2.5 virginica
146          6.7         3.0          5.2         2.3 virginica
147          6.3         2.5          5.0         1.9 virginica
148          6.5         3.0          5.2         2.0 virginica
149          6.2         3.4          5.4         2.3 virginica
150          5.9         3.0          5.1         1.8 virginica
> a=c(x$Sepal.Length)
Error in x$Sepal.Length : $ operator is invalid for atomic vectors
> hist(sl)
Error in hist(sl) : object 'sl' not found
> a=c(x$Sepal.Length,x$Sepal.Width)
Error in x$Sepal.Length : $ operator is invalid for atomic vectors
> a=c(x$Sepal.length,x$Sepal.width)
Error in x$Sepal.length : $ operator is invalid for atomic vectors
> a=c(x$Sepal.Length,x$Sepal.Width)
Error in x$Sepal.Length : $ operator is invalid for atomic vectors
> a
Error: object 'a' not found
> 